exports[`test BirdsFilter renders correctly 1`] = `
<div>
  <select
    name="Family"
    onChange={[Function]}
    value="">
    <option
      value="">
      Family
    </option>
    <option
      value="tikat">
      tikat
    </option>
    <option
      value="varikset">
      varikset
    </option>
    <option
      value="kahlaajat">
      kahlaajat
    </option>
    <option
      value="lokit">
      lokit
    </option>
    <option
      value="rastaat">
      rastaat
    </option>
    <option
      value="tiaiset">
      tiaiset
    </option>
    <option
      value="peipot">
      peipot
    </option>
    <option
      value="sorsat">
      sorsat
    </option>
    <option
      value="joutsenet-hanhet">
      joutsenet-hanhet
    </option>
    <option
      value="varpuset-kiurut-kirviset">
      varpuset-kiurut-kirviset
    </option>
    <option
      value="kurki-haikarat">
      kurki-haikarat
    </option>
    <option
      value="kyyhkyt">
      kyyhkyt
    </option>
    <option
      value="petolinnut">
      petolinnut
    </option>
    <option
      value="yolaulajat">
      yolaulajat
    </option>
    <option
      value="vastarakit-taskut-lepinkaiset">
      vastarakit-taskut-lepinkaiset
    </option>
    <option
      value="uikut-kuikat">
      uikut-kuikat
    </option>
    <option
      value="kertut">
      kertut
    </option>
    <option
      value="paaskyt">
      paaskyt
    </option>
  </select>
  <select
    name="Date"
    onChange={[Function]}
    value="">
    <option
      value="">
      Date
    </option>
    <option
      value="2016">
      2016
    </option>
  </select>
  <select
    name="PrimaryName"
    onChange={[Function]}
    value="">
    <option
      value="">
      PrimaryName
    </option>
    <option
      value="palokärki">
      palokärki
    </option>
    <option
      value="harakka">
      harakka
    </option>
    <option
      value="töyhtöhyyppä">
      töyhtöhyyppä
    </option>
    <option
      value="naurulokki">
      naurulokki
    </option>
    <option
      value="mustarastas">
      mustarastas
    </option>
    <option
      value="talitiainen">
      talitiainen
    </option>
    <option
      value="sinitiainen">
      sinitiainen
    </option>
    <option
      value="Naakka">
      Naakka
    </option>
    <option
      value="Varis">
      Varis
    </option>
    <option
      value="kottarainen">
      kottarainen
    </option>
    <option
      value="peippo">
      peippo
    </option>
    <option
      value="Uivelo">
      Uivelo
    </option>
    <option
      value="telkkä">
      telkkä
    </option>
    <option
      value="haapana">
      haapana
    </option>
    <option
      value="laulujoutsen">
      laulujoutsen
    </option>
    <option
      value="nokikana">
      nokikana
    </option>
    <option
      value="sinisorsa">
      sinisorsa
    </option>
    <option
      value="tikli">
      tikli
    </option>
    <option
      value="varpunen">
      varpunen
    </option>
    <option
      value="kalalokki">
      kalalokki
    </option>
    <option
      value="punarinta">
      punarinta
    </option>
    <option
      value="kurki">
      kurki
    </option>
    <option
      value="räkättirastas">
      räkättirastas
    </option>
    <option
      value="valkoposkihanhi">
      valkoposkihanhi
    </option>
    <option
      value="kuovi">
      kuovi
    </option>
    <option
      value="kyhmyjoutsen">
      kyhmyjoutsen
    </option>
    <option
      value="meriharakka">
      meriharakka
    </option>
    <option
      value="sepelkyyhky">
      sepelkyyhky
    </option>
    <option
      value="haahka">
      haahka
    </option>
    <option
      value="viherpeippo">
      viherpeippo
    </option>
    <option
      value="kalatiira">
      kalatiira
    </option>
    <option
      value="ruskosuohaukka">
      ruskosuohaukka
    </option>
    <option
      value="satakieli">
      satakieli
    </option>
    <option
      value="kivitasku">
      kivitasku
    </option>
    <option
      value="kirjosieppo">
      kirjosieppo
    </option>
    <option
      value="kuikka">
      kuikka
    </option>
    <option
      value="tukkasotka">
      tukkasotka
    </option>
    <option
      value="silkkiuikku">
      silkkiuikku
    </option>
    <option
      value="Isokoskelo">
      Isokoskelo
    </option>
    <option
      value="mustapääkerttu">
      mustapääkerttu
    </option>
    <option
      value="kapustarinta">
      kapustarinta
    </option>
    <option
      value="keltavästäräkki">
      keltavästäräkki
    </option>
    <option
      value="tervapääsky">
      tervapääsky
    </option>
    <option
      value="räystäspääsky">
      räystäspääsky
    </option>
    <option
      value="harmaasorsa">
      harmaasorsa
    </option>
    <option
      value="korppi">
      korppi
    </option>
    <option
      value="pikkuvarpunen">
      pikkuvarpunen
    </option>
    <option
      value="kuusitiainen">
      kuusitiainen
    </option>
    <option
      value="tilhi">
      tilhi
    </option>
    <option
      value="punatulkku">
      punatulkku
    </option>
    <option
      value="pähkinähakki">
      pähkinähakki
    </option>
    <option
      value="närhi">
      närhi
    </option>
    <option
      value="Urpiainen">
      Urpiainen
    </option>
    <option
      value="harmaapäätikka">
      harmaapäätikka
    </option>
  </select>
</div>
`;
